2026-09-27 16:10:40,269 INFO:main.py:240:print_splash_screen:PDB2PQR v3.6.1: biomolecular structure conversion software.
2026-09-27 16:10:40,270 INFO:main.py:242:print_splash_screen:Please cite:  Jurrus E, et al.  Improvements to the APBS biomolecular solvation software suite.  Protein Sci 27 112-128 (2018).
2026-09-27 16:10:40,270 INFO:main.py:242:print_splash_screen:Please cite:  Dolinsky TJ, et al.  PDB2PQR: expanding and upgrading automated preparation of biomolecular structures for molecular simulations. Nucleic Acids Res 35 W522-W525 (2007).
2026-09-27 16:10:40,270 INFO:main.py:759:main_driver:Checking and transforming input arguments.
2026-09-27 16:10:40,271 INFO:main.py:763:main_driver:Loading topology files.
2026-09-27 16:10:40,343 INFO:main.py:765:main_driver:Loading molecule: 6ESM.pdb
2026-09-27 16:10:40,358 INFO:main.py:770:main_driver:Setting up molecule.
2026-09-27 16:10:40,367 WARNING:biomolecule.py:992:create_residue:Unable to find amino or nucleic acid definition for ZN.  Parsing as new residue.
2026-09-27 16:10:40,368 WARNING:biomolecule.py:992:create_residue:Unable to find amino or nucleic acid definition for ZN.  Parsing as new residue.
2026-09-27 16:10:40,368 WARNING:biomolecule.py:992:create_residue:Unable to find amino or nucleic acid definition for CA.  Parsing as new residue.
2026-09-27 16:10:40,368 WARNING:biomolecule.py:992:create_residue:Unable to find amino or nucleic acid definition for CA.  Parsing as new residue.
2026-09-27 16:10:40,369 WARNING:biomolecule.py:992:create_residue:Unable to find amino or nucleic acid definition for CA.  Parsing as new residue.
2026-09-27 16:10:40,370 INFO:main.py:408:setup_molecule:Created biomolecule object with 163 residues and 1258 atoms.
2026-09-27 16:10:40,370 INFO:main.py:774:main_driver:Setting termini states for biomolecule chains.
2026-09-27 16:10:40,385 INFO:main.py:604:non_trivial:Loading forcefield.
2026-09-27 16:10:40,398 INFO:main.py:608:non_trivial:Loading hydrogen topology definitions.
2026-09-27 16:10:40,404 INFO:main.py:459:is_repairable:This biomolecule is clean.  No repair needed.
2026-09-27 16:10:40,404 INFO:main.py:623:non_trivial:Updating disulfide bridges.
2026-09-27 16:10:40,405 INFO:main.py:626:non_trivial:Debumping biomolecule.
2026-09-27 16:10:40,447 INFO:main.py:633:non_trivial:Assigning titration states with PROPKA.
2026-09-27 16:10:40,461 INFO:output.py:74:print_header:
propka3.5.1                                                                                  2026-09-27

-------------------------------------------------------------------------------
--                                                                           --
--  PROPKA: A PROTEIN PKA PREDICTOR                                          --
--                                                                           --
--  VERSION 1.0,  04/25/2004,  IOWA CITY                                     --
--  BY HUI LI                                                                --
--                                                                           --
--  VERSION 2.0,  11/05/2007, IOWA CITY/COPENHAGEN                           --
--  BY DELPHINE C. BAS AND DAVID M. ROGERS                                   --
--                                                                           --
--  VERSION 3.0,  01/06/2011, COPENHAGEN                                     --
--  BY MATS H.M. OLSSON AND CHRESTEN R. SONDERGARD                           --
--                                                                           --
--  VERSION 3.1,  07/01/2011, COPENHAGEN                                     --
--  BY CHRESTEN R. SONDERGARD AND MATS H.M. OLSSON                           --
--                                                                           --
--  VERSION 3.2,  06/17/2020, PLANET EARTH                                   --
--  SEE ABOVE FOR AUTHORS                                                    --
--                                                                           --
-------------------------------------------------------------------------------


-------------------------------------------------------------------------------
References:

Very Fast Empirical Prediction and Rationalization of Protein pKa Values.
Hui Li, Andrew D. Robertson and Jan H. Jensen. PROTEINS: Structure, Function,
and Bioinformatics. 61:704-721 (2005)

Very Fast Prediction and Rationalization of pKa Values for Protein-Ligand
Complexes.  Delphine C. Bas, David M. Rogers and Jan H. Jensen.  PROTEINS:
Structure, Function, and Bioinformatics 73:765-783 (2008)

PROPKA3: Consistent Treatment of Internal and Surface Residues in Empirical
pKa predictions.  Mats H.M. Olsson, Chresten R. Sondergard, Michal Rostkowski,
and Jan H. Jensen.  Journal of Chemical Theory and Computation, 7(2):525-537
(2011)

Improved Treatment of Ligands and Coupling Effects in Empirical Calculation
and Rationalization of pKa Values.  Chresten R. Sondergaard, Mats H.M. Olsson,
Michal Rostkowski, and Jan H. Jensen.  Journal of Chemical Theory and
Computation, (2011)
-------------------------------------------------------------------------------



2026-09-27 16:10:40,541 INFO:group.py:1185:__init__:Found ion group:  1254-  ZN   301-ZN  (A) [  -1.782   50.977   19.332] Z
2026-09-27 16:10:40,541 INFO:group.py:1185:__init__:Found ion group:  1255-  ZN   302-ZN  (A) [   0.937   51.636    6.511] Z
2026-09-27 16:10:40,541 INFO:group.py:1185:__init__:Found ion group:  1256-  CA   303-CA  (A) [   9.555   54.250   13.576] C
2026-09-27 16:10:40,541 INFO:group.py:1185:__init__:Found ion group:  1257-  CA   304-CA  (A) [  -7.439   43.904    4.460] C
2026-09-27 16:10:40,542 INFO:group.py:1185:__init__:Found ion group:  1258-  CA   305-CA  (A) [  14.757   46.805   10.153] C
2026-09-27 16:10:40,544 INFO:conformation_container.py:124:find_covalently_coupled_groups:Coupling map:

2026-09-27 16:10:40,544 INFO:conformation_container.py:213:calculate_pka:Calculating pKas for Conformation container 1A with 1497 atoms and 384 groups
2026-09-27 16:10:40,694 INFO:output.py:225:print_pka_section:pKa determinants:

---------  -----   ------   ---------------------    --------------    --------------    --------------
                            DESOLVATION  EFFECTS       SIDECHAIN          BACKBONE        COULOMBIC
 RESIDUE    pKa    BURIED     REGULAR      RE        HYDROGEN BOND     HYDROGEN BOND      INTERACTION
---------  -----   ------   ---------   ---------    --------------    --------------    --------------

ASP 113 A   3.31     0 %    0.32  218   0.00    0   -0.39 HIS 117 A    0.00 XXX   0 X   -0.15 N+  112 A
ASP 113 A                                            0.00 XXX   0 X    0.00 XXX   0 X   -0.01 LYS 115 A
ASP 113 A                                            0.00 XXX   0 X    0.00 XXX   0 X   -0.26 HIS 117 A

ASP 131 A   3.04    26 %    1.24  353   0.33    0   -0.39 SER 129 A   -0.85 TRP 210 A   -0.99 CA   CA A
ASP 131 A                                           -0.10 ASP 206 A    0.00 XXX   0 X    0.00 XXX   0 X

ASP 138 A   3.24    20 %    1.16  338   0.16    0   -0.85 TYR 128 A    0.00 XXX   0 X   -0.07 ARG 134 A
ASP 138 A                                           -0.52 ARG 158 A    0.00 XXX   0 X    0.02 ASP 139 A
ASP 138 A                                            0.00 XXX   0 X    0.00 XXX   0 X   -0.45 ARG 158 A

ASP 139 A   3.09     0 %    0.37  277   0.00    0   -0.73 ARG 143 A    0.00 XXX   0 X   -0.34 ARG 143 A

ASP 163 A   3.75     0 %    0.16  184   0.00    0   -0.21 SER 161 A    0.00 XXX   0 X   -0.01 ARG 162 A
ASP 163 A                                            0.00 XXX   0 X    0.00 XXX   0 X    0.01 ASP 165 A

ASP 165 A   3.03    40 %    1.54  393   0.38    0   -0.20 THR 122 A   -0.81 THR 122 A   -0.38 CA   CA A
ASP 165 A                                           -0.79 HIS 118 A    0.00 XXX   0 X   -0.51 HIS 118 A

ASP 177 A   1.28    19 %    1.38  334   0.10    0   -0.17 HIS 175 A   -0.12 ASP 177 A   -1.07 ZN   ZN A
ASP 177 A                                           -0.29 HIS 190 A   -0.77 TYR 179 A   -0.47 HIS 175 A
ASP 177 A                                           -0.26 HIS 203 A    0.00 XXX   0 X   -0.42 HIS 190 A
ASP 177 A                                            0.00 XXX   0 X    0.00 XXX   0 X   -0.44 HIS 203 A

ASP 182 A   2.66     2 %    0.73  286   0.05    0   -0.11 ASP 205 A   -0.23 ASP 182 A   -0.85 CA   CA A
ASP 182 A                                            0.00 XXX   0 X   -0.77 LEU 187 A    0.05 ASP 185 A

ASP 185 A   1.93     0 %    0.45  235   0.00    0   -0.85 LYS 184 A    0.00 XXX   0 X   -0.23 CA   CA A
ASP 185 A                                           -0.85 TYR 218 A    0.00 XXX   0 X   -0.38 LYS 184 A

ASP 201 A   5.70    62 %    2.36  455   1.85    0    0.00 XXX   0 X   -0.72 VAL 167 A   -0.12 ZN   ZN A
ASP 201 A                                            0.00 XXX   0 X    0.00 XXX   0 X   -1.52 CA   CA A
ASP 201 A                                            0.00 XXX   0 X    0.00 XXX   0 X    0.03 ASP 165 A
ASP 201 A                                            0.00 XXX   0 X    0.00 XXX   0 X    0.02 ASP 177 A

ASP 205 A   4.55    32 %    1.80  370   0.58    0    0.11 ASP 182 A   -0.14 ASP 182 A   -0.03 ZN   ZN A
ASP 205 A                                           -0.12 GLU 208 A   -0.75 ASP 207 A   -0.99 CA   CA A
ASP 205 A                                            0.00 XXX   0 X    0.00 XXX   0 X   -0.18 CA   CA A
ASP 205 A                                            0.00 XXX   0 X    0.00 XXX   0 X   -0.09 HIS 175 A
ASP 205 A                                            0.00 XXX   0 X    0.00 XXX   0 X    0.25 ASP 182 A
ASP 205 A                                            0.00 XXX   0 X    0.00 XXX   0 X    0.02 ASP 185 A
ASP 205 A                                            0.00 XXX   0 X    0.00 XXX   0 X    0.28 ASP 207 A

ASP 206 A   4.91    43 %    1.61  401   0.53    0   -0.77 SER 129 A    0.00 XXX   0 X   -1.09 CA   CA A
ASP 206 A                                            0.10 ASP 131 A    0.00 XXX   0 X    0.05 GLU 130 A
ASP 206 A                                            0.00 XXX   0 X    0.00 XXX   0 X    0.09 ASP 205 A
ASP 206 A                                            0.00 XXX   0 X    0.00 XXX   0 X    0.09 ASP 207 A
ASP 206 A                                            0.00 XXX   0 X    0.00 XXX   0 X    0.50 ASP 131 A

ASP 207 A   3.78     0 %    0.40  268   0.00    0    0.00 XXX   0 X    0.00 XXX   0 X   -0.24 CA   CA A
ASP 207 A                                            0.00 XXX   0 X    0.00 XXX   0 X   -0.24 CA   CA A
ASP 207 A                                            0.00 XXX   0 X    0.00 XXX   0 X    0.02 ASP 131 A
ASP 207 A                                            0.00 XXX   0 X    0.00 XXX   0 X    0.04 ASP 182 A

ASP 235 A   4.01    11 %    0.30  312   0.04    0    0.00 XXX   0 X    0.00 XXX   0 X   -0.05 ZN   ZN A
ASP 235 A                                            0.00 XXX   0 X    0.00 XXX   0 X   -0.08 HIS 236 A

ASP 259 A   3.22     0 %    0.38  279   0.00    0   -0.83 SER 237 A    0.00 XXX   0 X   -0.13 HIS 257 A

ASP 260 A   4.37    50 %    2.32  422   0.44    0    0.00 XXX   0 X   -0.72 LEU 243 A   -0.02 ARG 249 A
ASP 260 A                                            0.00 XXX   0 X   -0.63 MET 244 A   -0.16 HIS 257 A
ASP 260 A                                            0.00 XXX   0 X   -0.84 HIS 257 A    0.19 ASP 259 A

GLU 130 A   4.57     0 %    0.08  154   0.00    0    0.00 XXX   0 X    0.00 XXX   0 X   -0.02 CA   CA A
GLU 130 A                                            0.00 XXX   0 X    0.00 XXX   0 X   -0.03 ARG 134 A
GLU 130 A                                            0.00 XXX   0 X    0.00 XXX   0 X    0.03 ASP 131 A

GLU 174 A   3.39     0 %    0.48  199   0.00    0    0.00 XXX   0 X   -0.60 GLY 176 A   -0.21 ZN   ZN A
GLU 174 A                                            0.00 XXX   0 X   -0.03 ASP 177 A   -0.18 HIS 175 A
GLU 174 A                                            0.00 XXX   0 X   -0.74 GLY 178 A    0.20 ASP 177 A
GLU 174 A                                            0.00 XXX   0 X    0.00 XXX   0 X   -0.03 HIS 190 A

GLU 208 A   5.94    30 %    1.74  364   0.66    0    0.12 ASP 205 A   -0.77 ASP 185 A   -0.98 CA   CA A
GLU 208 A                                            0.00 XXX   0 X    0.00 XXX   0 X   -0.19 CA   CA A
GLU 208 A                                            0.00 XXX   0 X    0.00 XXX   0 X   -0.11 LYS 184 A
GLU 208 A                                            0.00 XXX   0 X    0.00 XXX   0 X    0.02 ASP 131 A
GLU 208 A                                            0.00 XXX   0 X    0.00 XXX   0 X    0.19 ASP 182 A
GLU 208 A                                            0.00 XXX   0 X    0.00 XXX   0 X    0.25 ASP 185 A
GLU 208 A                                            0.00 XXX   0 X    0.00 XXX   0 X    0.38 ASP 205 A
GLU 208 A                                            0.00 XXX   0 X    0.00 XXX   0 X    0.02 ASP 206 A
GLU 208 A                                            0.00 XXX   0 X    0.00 XXX   0 X    0.10 ASP 207 A

GLU 241 A   4.36     0 %    0.26  183   0.00    0    0.00 XXX   0 X   -0.16 GLU 241 A   -0.12 ARG 249 A
GLU 241 A                                            0.00 XXX   0 X    0.00 XXX   0 X   -0.13 HIS 257 A

GLU 252 A   4.10     0 %    0.31  138   0.00    0   -0.70 LYS 214 A    0.00 XXX   0 X    0.00 XXX   0 X

C-  269 A   2.09     0 %    0.48  234   0.00    0   -1.21 ARG 265 A    0.00 XXX   0 X   -0.38 ARG 265 A

HIS 117 A   6.59     0 %   -0.30  236   0.00    0    0.39 ASP 113 A    0.00 XXX   0 X   -0.21 LYS 115 A
HIS 117 A                                            0.00 XXX   0 X    0.00 XXX   0 X   -0.05 HIS 118 A
HIS 117 A                                            0.00 XXX   0 X    0.00 XXX   0 X    0.26 ASP 113 A

HIS 118 A   6.98    20 %   -0.78  337   0.00    0    0.79 ASP 165 A    0.00 XXX   0 X   -0.04 LYS 115 A
HIS 118 A                                            0.00 XXX   0 X    0.00 XXX   0 X    0.51 ASP 165 A

HIS 119 A   6.14     0 %   -0.29  214   0.00    0    0.00 XXX   0 X    0.00 XXX   0 X   -0.07 HIS 118 A

HIS 175 A   5.82    25 %   -1.30  351   0.00    0    0.17 ASP 177 A    0.82 ALA 173 A   -1.10 ZN   ZN A
HIS 175 A                                            0.00 XXX   0 X    0.00 XXX   0 X    0.18 GLU 174 A
HIS 175 A                                            0.00 XXX   0 X    0.00 XXX   0 X    0.09 ASP 205 A
HIS 175 A                                            0.00 XXX   0 X    0.00 XXX   0 X    0.47 ASP 177 A

HIS 190 A   3.70    53 %   -1.88  429   0.00    0    0.29 ASP 177 A    0.00 XXX   0 X   -1.32 ZN   ZN A
HIS 190 A                                            0.00 XXX   0 X    0.00 XXX   0 X    0.03 GLU 174 A
HIS 190 A                                            0.00 XXX   0 X    0.00 XXX   0 X   -0.34 HIS 175 A
HIS 190 A                                            0.00 XXX   0 X    0.00 XXX   0 X    0.42 ASP 177 A

HIS 203 A   2.38    72 %   -2.35  484   0.00    0    0.26 ASP 177 A    0.00 XXX   0 X   -1.53 ZN   ZN A
HIS 203 A                                            0.00 XXX   0 X    0.00 XXX   0 X   -0.09 CA   CA A
HIS 203 A                                            0.00 XXX   0 X    0.00 XXX   0 X   -0.40 HIS 175 A
HIS 203 A                                            0.00 XXX   0 X    0.00 XXX   0 X   -0.45 HIS 190 A
HIS 203 A                                            0.00 XXX   0 X    0.00 XXX   0 X    0.44 ASP 177 A

HIS 226 A   1.58    86 %   -2.44  523   0.00    0    0.00 XXX   0 X    0.83 LEU 243 A   -2.02 ZN   ZN A
HIS 226 A                                            0.00 XXX   0 X    0.00 XXX   0 X   -0.89 HIS 230 A
HIS 226 A                                            0.00 XXX   0 X    0.00 XXX   0 X   -0.41 HIS 236 A

HIS 230 A   2.78    80 %   -2.14  506   0.00    0    0.00 XXX   0 X    0.80 LEU 234 A   -1.90 ZN   ZN A
HIS 230 A                                            0.00 XXX   0 X    0.00 XXX   0 X   -0.49 HIS 236 A

HIS 236 A   4.45    24 %   -0.92  348   0.00    0    0.00 XXX   0 X    0.00 XXX   0 X   -1.21 ZN   ZN A
HIS 236 A                                            0.00 XXX   0 X    0.00 XXX   0 X    0.08 ASP 235 A

HIS 257 A   6.42     0 %   -0.43  234   0.00    0    0.00 XXX   0 X    0.00 XXX   0 X   -0.01 ARG 249 A
HIS 257 A                                            0.00 XXX   0 X    0.00 XXX   0 X   -0.05 LYS 258 A
HIS 257 A                                            0.00 XXX   0 X    0.00 XXX   0 X    0.13 GLU 241 A
HIS 257 A                                            0.00 XXX   0 X    0.00 XXX   0 X    0.13 ASP 259 A
HIS 257 A                                            0.00 XXX   0 X    0.00 XXX   0 X    0.16 ASP 260 A

HIS 266 A   6.34     0 %   -0.16  203   0.00    0    0.00 XXX   0 X    0.00 XXX   0 X    0.00 XXX   0 X

TYR 123 A  11.50    53 %    1.51  429   0.00    0    0.00 XXX   0 X    0.00 XXX   0 X    0.12 ASP 138 A
TYR 123 A                                            0.00 XXX   0 X    0.00 XXX   0 X    0.01 ASP 139 A
TYR 123 A                                            0.00 XXX   0 X    0.00 XXX   0 X   -0.23 ARG 158 A
TYR 123 A                                            0.00 XXX   0 X    0.00 XXX   0 X    0.07 TYR 160 A

TYR 128 A  11.77    22 %    1.24  343   0.00    0   -0.34 ARG 158 A    0.00 XXX   0 X   -0.20 ARG 134 A
TYR 128 A                                            0.85 ASP 138 A    0.00 XXX   0 X   -0.46 ARG 158 A
TYR 128 A                                            0.00 XXX   0 X    0.00 XXX   0 X    0.05 TYR 123 A
TYR 128 A                                            0.00 XXX   0 X    0.00 XXX   0 X    0.16 TYR 160 A
TYR 128 A                                            0.00 XXX   0 X    0.00 XXX   0 X    0.46 ASP 138 A

TYR 160 A  10.13     0 %    0.36  244   0.00    0    0.00 XXX   0 X    0.00 XXX   0 X   -0.00 ARG 134 A
TYR 160 A                                            0.00 XXX   0 X    0.00 XXX   0 X    0.16 ASP 138 A
TYR 160 A                                            0.00 XXX   0 X    0.00 XXX   0 X   -0.39 ARG 158 A

TYR 179 A  10.15     0 %    0.12  197   0.00    0    0.00 XXX   0 X    0.00 XXX   0 X   -0.03 ZN   ZN A
TYR 179 A                                            0.00 XXX   0 X    0.00 XXX   0 X    0.06 ASP 177 A

TYR 218 A  12.06     8 %    0.63  303   0.00    0    0.85 ASP 185 A    0.00 XXX   0 X   -0.22 CA   CA A
TYR 218 A                                            0.00 XXX   0 X    0.00 XXX   0 X    0.04 ASP 182 A
TYR 218 A                                            0.00 XXX   0 X    0.00 XXX   0 X    0.01 ASP 205 A
TYR 218 A                                            0.00 XXX   0 X    0.00 XXX   0 X    0.27 GLU 208 A
TYR 218 A                                            0.00 XXX   0 X    0.00 XXX   0 X    0.11 TYR 248 A
TYR 218 A                                            0.00 XXX   0 X    0.00 XXX   0 X    0.38 ASP 185 A

TYR 245 A  10.32     0 %    0.27  154   0.00    0    0.00 XXX   0 X    0.00 XXX   0 X    0.05 GLU 241 A

TYR 248 A  11.08    47 %    1.93  414   0.00    0    0.00 XXX   0 X   -0.85 SER 219 A   -0.00 ARG 249 A

TYR 268 A  12.12    60 %    2.92  450   0.00    0    0.00 XXX   0 X   -0.81 TRP 116 A    0.01 ASP 113 A
TYR 268 A                                            0.00 XXX   0 X    0.00 XXX   0 X    0.00 ASP 165 A

LYS 115 A  10.00     2 %   -0.52  287   0.00    0    0.00 XXX   0 X    0.00 XXX   0 X    0.01 ASP 113 A

LYS 184 A  11.52     0 %   -0.25  181   0.00    0    0.85 ASP 185 A    0.00 XXX   0 X   -0.06 CA   CA A
LYS 184 A                                            0.00 XXX   0 X    0.00 XXX   0 X    0.11 GLU 208 A
LYS 184 A                                            0.00 XXX   0 X    0.00 XXX   0 X    0.38 ASP 185 A

LYS 214 A  10.92     0 %   -0.28  126   0.00    0    0.70 GLU 252 A    0.00 XXX   0 X    0.00 XXX   0 X

LYS 258 A  10.43     0 %   -0.07  122   0.00    0    0.00 XXX   0 X    0.00 XXX   0 X    0.00 XXX   0 X

ARG 134 A  12.47     0 %   -0.30  222   0.00    0    0.00 XXX   0 X    0.00 XXX   0 X    0.20 TYR 128 A
ARG 134 A                                            0.00 XXX   0 X    0.00 XXX   0 X    0.03 GLU 130 A
ARG 134 A                                            0.00 XXX   0 X    0.00 XXX   0 X    0.07 ASP 138 A
ARG 134 A                                            0.00 XXX   0 X    0.00 XXX   0 X    0.00 TYR 160 A
ARG 134 A                                            0.00 XXX   0 X    0.00 XXX   0 X   -0.03 ARG 158 A

ARG 143 A  12.75    27 %   -0.82  356   0.00    0    0.73 ASP 139 A    0.00 XXX   0 X    0.34 ASP 139 A

ARG 158 A  13.99    17 %   -0.89  330   0.00    0    0.34 TYR 128 A    0.00 XXX   0 X    0.23 TYR 123 A
ARG 158 A                                            0.52 ASP 138 A    0.00 XXX   0 X    0.46 TYR 128 A
ARG 158 A                                            0.00 XXX   0 X    0.00 XXX   0 X    0.39 TYR 160 A
ARG 158 A                                            0.00 XXX   0 X    0.00 XXX   0 X    0.45 ASP 138 A

ARG 162 A  12.32     0 %   -0.18  175   0.00    0    0.00 XXX   0 X    0.00 XXX   0 X    0.01 ASP 163 A

ARG 249 A  12.27     3 %   -0.37  291   0.00    0    0.00 XXX   0 X    0.00 XXX   0 X    0.12 GLU 241 A
ARG 249 A                                            0.00 XXX   0 X    0.00 XXX   0 X    0.00 TYR 248 A
ARG 249 A                                            0.00 XXX   0 X    0.00 XXX   0 X    0.02 ASP 260 A

ARG 265 A  13.91     0 %   -0.18  174   0.00    0    1.21 C-  269 A    0.00 XXX   0 X    0.38 C-  269 A

N+  112 A   7.80     0 %   -0.34  235   0.00    0    0.00 XXX   0 X    0.00 XXX   0 X    0.15 ASP 113 A


2026-09-27 16:10:40,694 INFO:output.py:227:print_pka_section:pKa summary:
--------------------------------------------------------------------------------------------------------
SUMMARY OF THIS PREDICTION
       Group      pKa  model-pKa   ligand atom-type
   ASP 113 A     3.31       3.80                      
   ASP 131 A     3.04       3.80                      
   ASP 138 A     3.24       3.80                      
   ASP 139 A     3.09       3.80                      
   ASP 163 A     3.75       3.80                      
   ASP 165 A     3.03       3.80                      
   ASP 177 A     1.28       3.80                      
   ASP 182 A     2.66       3.80                      
   ASP 185 A     1.93       3.80                      
   ASP 201 A     5.70       3.80                      
   ASP 205 A     4.55       3.80                      
   ASP 206 A     4.91       3.80                      
   ASP 207 A     3.78       3.80                      
   ASP 235 A     4.01       3.80                      
   ASP 259 A     3.22       3.80                      
   ASP 260 A     4.37       3.80                      
   GLU 130 A     4.57       4.50                      
   GLU 174 A     3.39       4.50                      
   GLU 208 A     5.94       4.50                      
   GLU 241 A     4.36       4.50                      
   GLU 252 A     4.10       4.50                      
   C-  269 A     2.09       3.20                      
   HIS 117 A     6.59       6.50                      
   HIS 118 A     6.98       6.50                      
   HIS 119 A     6.14       6.50                      
   HIS 175 A     5.82       6.50                      
   HIS 190 A     3.70       6.50                      
   HIS 203 A     2.38       6.50                      
   HIS 226 A     1.58       6.50                      
   HIS 230 A     2.78       6.50                      
   HIS 236 A     4.45       6.50                      
   HIS 257 A     6.42       6.50                      
   HIS 266 A     6.34       6.50                      
   TYR 123 A    11.50      10.00                      
   TYR 128 A    11.77      10.00                      
   TYR 160 A    10.13      10.00                      
   TYR 179 A    10.15      10.00                      
   TYR 218 A    12.06      10.00                      
   TYR 245 A    10.32      10.00                      
   TYR 248 A    11.08      10.00                      
   TYR 268 A    12.12      10.00                      
   LYS 115 A    10.00      10.50                      
   LYS 184 A    11.52      10.50                      
   LYS 214 A    10.92      10.50                      
   LYS 258 A    10.43      10.50                      
   ARG 134 A    12.47      12.50                      
   ARG 143 A    12.75      12.50                      
   ARG 158 A    13.99      12.50                      
   ARG 162 A    12.32      12.50                      
   ARG 249 A    12.27      12.50                      
   ARG 265 A    13.91      12.50                      
   N+  112 A     7.80       8.00                      

2026-09-27 16:10:40,711 INFO:main.py:636:non_trivial:PROPKA information:
--------------------------------------------------------------------------------------------------------
Free energy of   folding (kcal/mol) as a function of pH (using neutral reference)
  0.00     28.74
  1.00     28.25
  2.00     25.61
  3.00     18.62
  4.00      9.68
  5.00      4.23
  6.00     -0.48
  7.00     -3.82
  8.00     -4.57
  9.00     -4.46
 10.00     -2.51
 11.00      2.73
 12.00      7.42
 13.00      9.92
 14.00     11.76

The pH of optimum stability is  8.4 for which the free energy is   -4.6 kcal/mol at 298K
The free energy is within 80 % of maximum at pH  7.0 to  9.5
The free energy is negative in the range  5.9 - 10.5


Protein charge of folded and unfolded state as a function of pH
    pH  unfolded  folded
  0.00     22.00   21.89
  0.10     22.00   21.86
  0.20     21.99   21.83
  0.30     21.99   21.79
  0.40     21.99   21.74
  0.50     21.99   21.68
  0.60     21.99   21.60
  0.70     21.98   21.51
  0.80     21.98   21.41
  0.90     21.97   21.28
  1.00     21.97   21.13
  1.10     21.96   20.96
  1.20     21.95   20.77
  1.30     21.93   20.55
  1.40     21.92   20.31
  1.50     21.90   20.04
  1.60     21.87   19.75
  1.70     21.84   19.43
  1.80     21.79   19.08
  1.90     21.74   18.70
  2.00     21.67   18.30
  2.10     21.59   17.87
  2.20     21.49   17.41
  2.30     21.37   16.92
  2.40     21.21   16.40
  2.50     21.02   15.84
  2.60     20.79   15.25
  2.70     20.50   14.62
  2.80     20.16   13.96
  2.90     19.75   13.27
  3.00     19.27   12.54
  3.10     18.70   11.80
  3.20     18.04   11.03
  3.30     17.29   10.25
  3.40     16.45    9.46
  3.50     15.53    8.66
  3.60     14.52    7.87
  3.70     13.46    7.08
  3.80     12.35    6.30
  3.90     11.22    5.52
  4.00     10.09    4.77
  4.10      8.99    4.02
  4.20      7.92    3.30
  4.30      6.91    2.59
  4.40      5.97    1.91
  4.50      5.10    1.26
  4.60      4.30    0.64
  4.70      3.58    0.05
  4.80      2.93   -0.51
  4.90      2.35   -1.03
  5.00      1.83   -1.53
  5.10      1.36   -1.99
  5.20      0.93   -2.44
  5.30      0.53   -2.88
  5.40      0.15   -3.30
  5.50     -0.23   -3.72
  5.60     -0.61   -4.14
  5.70     -1.01   -4.56
  5.80     -1.44   -4.99
  5.90     -1.90   -5.42
  6.00     -2.40   -5.86
  6.10     -2.94   -6.29
  6.20     -3.53   -6.72
  6.30     -4.15   -7.15
  6.40     -4.79   -7.56
  6.50     -5.45   -7.96
  6.60     -6.11   -8.35
  6.70     -6.75   -8.71
  6.80     -7.35   -9.04
  6.90     -7.92   -9.36
  7.00     -8.43   -9.64
  7.10     -8.89   -9.91
  7.20     -9.31  -10.15
  7.30     -9.67  -10.37
  7.40     -9.98  -10.57
  7.50    -10.26  -10.75
  7.60    -10.51  -10.91
  7.70    -10.72  -11.06
  7.80    -10.92  -11.20
  7.90    -11.09  -11.33
  8.00    -11.25  -11.44
  8.10    -11.40  -11.54
  8.20    -11.54  -11.64
  8.30    -11.68  -11.72
  8.40    -11.81  -11.80
  8.50    -11.94  -11.88
  8.60    -12.07  -11.95
  8.70    -12.21  -12.02
  8.80    -12.36  -12.09
  8.90    -12.53  -12.17
  9.00    -12.73  -12.26
  9.10    -12.95  -12.35
  9.20    -13.21  -12.47
  9.30    -13.51  -12.59
  9.40    -13.85  -12.74
  9.50    -14.25  -12.92
  9.60    -14.70  -13.12
  9.70    -15.20  -13.35
  9.80    -15.75  -13.61
  9.90    -16.34  -13.90
 10.00    -16.97  -14.22
 10.10    -17.61  -14.56
 10.20    -18.26  -14.92
 10.30    -18.91  -15.30
 10.40    -19.53  -15.70
 10.50    -20.13  -16.10
 10.60    -20.69  -16.51
 10.70    -21.21  -16.92
 10.80    -21.69  -17.34
 10.90    -22.11  -17.77
 11.00    -22.49  -18.19
 11.10    -22.84  -18.63
 11.20    -23.15  -19.07
 11.30    -23.43  -19.52
 11.40    -23.69  -19.97
 11.50    -23.94  -20.44
 11.60    -24.18  -20.91
 11.70    -24.43  -21.39
 11.80    -24.68  -21.88
 11.90    -24.95  -22.37
 12.00    -25.24  -22.86
 12.10    -25.55  -23.35
 12.20    -25.87  -23.83
 12.30    -26.22  -24.30
 12.40    -26.57  -24.75
 12.50    -26.94  -25.18
 12.60    -27.29  -25.59
 12.70    -27.64  -25.96
 12.80    -27.96  -26.31
 12.90    -28.27  -26.63
 13.00    -28.54  -26.92
 13.10    -28.78  -27.18
 13.20    -28.99  -27.42
 13.30    -29.17  -27.65
 13.40    -29.32  -27.85
 13.50    -29.45  -28.05
 13.60    -29.55  -28.23
 13.70    -29.64  -28.41
 13.80    -29.71  -28.58
 13.90    -29.77  -28.74
 14.00    -29.81  -28.90
The pI is  4.71 (folded) and  5.44 (unfolded)

--------------------------------------------------------------------------------------------------------
2026-09-27 16:10:40,712 INFO:biomolecule.py:794:apply_pka_values:Applying pKa values at a pH of 7.40:
2026-09-27 16:10:40,713 INFO:main.py:649:non_trivial:Adding hydrogens to biomolecule.
2026-09-27 16:10:40,861 INFO:main.py:652:non_trivial:Debumping biomolecule (again).
2026-09-27 16:10:41,044 INFO:main.py:654:non_trivial:Optimizing hydrogen bonds
2026-09-27 16:10:41,250 INFO:main.py:666:non_trivial:Applying force field to biomolecule states.
2026-09-27 16:10:41,253 INFO:main.py:713:non_trivial:Regenerating headers.
2026-09-27 16:10:41,254 INFO:main.py:738:non_trivial:Regenerating PDB lines.
2026-09-27 16:10:41,273 WARNING:main.py:311:print_pqr:Ignoring 995 header lines in output.
2026-09-27 16:10:41,273 WARNING:main.py:315:print_pqr:Ignoring 5 missing lines in output.
2026-09-27 16:10:41,294 WARNING:main.py:354:print_pdb:Ignoring 995 header lines in output.
2026-09-27 16:10:41,294 WARNING:main.py:358:print_pdb:Ignoring 5 missing lines in output.
