AutoDock Vina f458505-mod
#################################################################
# If you used AutoDock Vina in your work, please cite:          #
#                                                               #
# J. Eberhardt, D. Santos-Martins, A. F. Tillack, and S. Forli  #
# AutoDock Vina 1.2.0: New Docking Methods, Expanded Force      #
# Field, and Python Bindings, J. Chem. Inf. Model. (2021)       #
# DOI 10.1021/acs.jcim.1c00203                                  #
#                                                               #
# O. Trott, A. J. Olson,                                        #
# AutoDock Vina: improving the speed and accuracy of docking    #
# with a new scoring function, efficient optimization and       #
# multithreading, J. Comp. Chem. (2010)                         #
# DOI 10.1002/jcc.21334                                         #
#                                                               #
# Please see https://github.com/ccsb-scripps/AutoDock-Vina for  #
# more information.                                             #
#################################################################

Scoring function : vina
Rigid receptor: 6VHN.pdbqt
Grid center: X -51.568 Y 0.776 Z 23.507
Grid size  : X 12.748 Y 13.989 Z 18.699
Grid space : 0.375
Exhaustiveness: 1
CPU: 0
Verbosity: 2

Computing Vina grid ... done.
WARNING: At low exhaustiveness, it may be impossible to utilize all CPUs.
Performing docking (random seed: -1081784746) ... 
0%   10   20   30   40   50   60   70   80   90   100%
|----|----|----|----|----|----|----|----|----|----|
***************************************************
done.
ENERGY FROM SEARCH: -12.651
FINAL ENERGY: 
Estimated Free Energy of Binding   : -7.893 (kcal/mol) [=(1)+(2)+(3)-(4)]
(1) Final Intermolecular Energy    : -11.816 (kcal/mol)
    Ligand - Receptor              : -11.816 (kcal/mol)
    Ligand - Flex side chains      : 0.000 (kcal/mol)
(2) Final Total Internal Energy    : -0.835 (kcal/mol)
    Ligand                         : -0.835 (kcal/mol)
    Flex   - Receptor              : 0.000 (kcal/mol)
    Flex   - Flex side chains      : 0.000 (kcal/mol)
(3) Torsional Free Energy          : 3.922 (kcal/mol)
(4) Unbound System's Energy        : -0.835 (kcal/mol)
ENERGY FROM SEARCH: -12.072
FINAL ENERGY: 
Estimated Free Energy of Binding   : -7.507 (kcal/mol) [=(1)+(2)+(3)-(4)]
(1) Final Intermolecular Energy    : -11.562 (kcal/mol)
    Ligand - Receptor              : -11.562 (kcal/mol)
    Ligand - Flex side chains      : 0.000 (kcal/mol)
(2) Final Total Internal Energy    : -0.510 (kcal/mol)
    Ligand                         : -0.510 (kcal/mol)
    Flex   - Receptor              : 0.000 (kcal/mol)
    Flex   - Flex side chains      : 0.000 (kcal/mol)
(3) Torsional Free Energy          : 3.730 (kcal/mol)
(4) Unbound System's Energy        : -0.835 (kcal/mol)
ENERGY FROM SEARCH: -10.527
FINAL ENERGY: 
Estimated Free Energy of Binding   : -6.474 (kcal/mol) [=(1)+(2)+(3)-(4)]
(1) Final Intermolecular Energy    : -9.748 (kcal/mol)
    Ligand - Receptor              : -9.748 (kcal/mol)
    Ligand - Flex side chains      : 0.000 (kcal/mol)
(2) Final Total Internal Energy    : -0.779 (kcal/mol)
    Ligand                         : -0.779 (kcal/mol)
    Flex   - Receptor              : 0.000 (kcal/mol)
    Flex   - Flex side chains      : 0.000 (kcal/mol)
(3) Torsional Free Energy          : 3.217 (kcal/mol)
(4) Unbound System's Energy        : -0.835 (kcal/mol)

mode |   affinity | dist from best mode
     | (kcal/mol) | rmsd l.b.| rmsd u.b.
-----+------------+----------+----------
   1      -7.8933     0.0000     0.0000
   2      -7.5067     1.6071     2.3848
   3      -6.4742     2.8311     5.8704
WARNING: At low exhaustiveness, it may be impossible to utilize all CPUs.
Performing docking (random seed: -1081784746) ... 
0%   10   20   30   40   50   60   70   80   90   100%
|----|----|----|----|----|----|----|----|----|----|
***************************************************
done.
ENERGY FROM SEARCH: -9.7320
FINAL ENERGY: 
Estimated Free Energy of Binding   : -7.675 (kcal/mol) [=(1)+(2)+(3)-(4)]
(1) Final Intermolecular Energy    : -9.470 (kcal/mol)
    Ligand - Receptor              : -9.470 (kcal/mol)
    Ligand - Flex side chains      : 0.000 (kcal/mol)
(2) Final Total Internal Energy    : -0.262 (kcal/mol)
    Ligand                         : -0.262 (kcal/mol)
    Flex   - Receptor              : 0.000 (kcal/mol)
    Flex   - Flex side chains      : 0.000 (kcal/mol)
(3) Torsional Free Energy          : 1.795 (kcal/mol)
(4) Unbound System's Energy        : -0.262 (kcal/mol)
ENERGY FROM SEARCH: -8.114
FINAL ENERGY: 
Estimated Free Energy of Binding   : -6.363 (kcal/mol) [=(1)+(2)+(3)-(4)]
(1) Final Intermolecular Energy    : -7.782 (kcal/mol)
    Ligand - Receptor              : -7.782 (kcal/mol)
    Ligand - Flex side chains      : 0.000 (kcal/mol)
(2) Final Total Internal Energy    : -0.331 (kcal/mol)
    Ligand                         : -0.331 (kcal/mol)
    Flex   - Receptor              : 0.000 (kcal/mol)
    Flex   - Flex side chains      : 0.000 (kcal/mol)
(3) Torsional Free Energy          : 1.488 (kcal/mol)
(4) Unbound System's Energy        : -0.262 (kcal/mol)
ENERGY FROM SEARCH: -8.021
FINAL ENERGY: 
Estimated Free Energy of Binding   : -6.288 (kcal/mol) [=(1)+(2)+(3)-(4)]
(1) Final Intermolecular Energy    : -7.689 (kcal/mol)
    Ligand - Receptor              : -7.689 (kcal/mol)
    Ligand - Flex side chains      : 0.000 (kcal/mol)
(2) Final Total Internal Energy    : -0.333 (kcal/mol)
    Ligand                         : -0.333 (kcal/mol)
    Flex   - Receptor              : 0.000 (kcal/mol)
    Flex   - Flex side chains      : 0.000 (kcal/mol)
(3) Torsional Free Energy          : 1.471 (kcal/mol)
(4) Unbound System's Energy        : -0.262 (kcal/mol)
ENERGY FROM SEARCH: -7.441
FINAL ENERGY: 
Estimated Free Energy of Binding   : -5.818 (kcal/mol) [=(1)+(2)+(3)-(4)]
(1) Final Intermolecular Energy    : -7.167 (kcal/mol)
    Ligand - Receptor              : -7.167 (kcal/mol)
    Ligand - Flex side chains      : 0.000 (kcal/mol)
(2) Final Total Internal Energy    : -0.274 (kcal/mol)
    Ligand                         : -0.274 (kcal/mol)
    Flex   - Receptor              : 0.000 (kcal/mol)
    Flex   - Flex side chains      : 0.000 (kcal/mol)
(3) Torsional Free Energy          : 1.361 (kcal/mol)
(4) Unbound System's Energy        : -0.262 (kcal/mol)
ENERGY FROM SEARCH: -6.707
FINAL ENERGY: 
Estimated Free Energy of Binding   : -5.223 (kcal/mol) [=(1)+(2)+(3)-(4)]
(1) Final Intermolecular Energy    : -6.411 (kcal/mol)
    Ligand - Receptor              : -6.411 (kcal/mol)
    Ligand - Flex side chains      : 0.000 (kcal/mol)
(2) Final Total Internal Energy    : -0.295 (kcal/mol)
    Ligand                         : -0.295 (kcal/mol)
    Flex   - Receptor              : 0.000 (kcal/mol)
    Flex   - Flex side chains      : 0.000 (kcal/mol)
(3) Torsional Free Energy          : 1.221 (kcal/mol)
(4) Unbound System's Energy        : -0.262 (kcal/mol)
ENERGY FROM SEARCH: -6.275
FINAL ENERGY: 
Estimated Free Energy of Binding   : -4.873 (kcal/mol) [=(1)+(2)+(3)-(4)]
(1) Final Intermolecular Energy    : -6.004 (kcal/mol)
    Ligand - Receptor              : -6.004 (kcal/mol)
    Ligand - Flex side chains      : 0.000 (kcal/mol)
(2) Final Total Internal Energy    : -0.272 (kcal/mol)
    Ligand                         : -0.272 (kcal/mol)
    Flex   - Receptor              : 0.000 (kcal/mol)
    Flex   - Flex side chains      : 0.000 (kcal/mol)
(3) Torsional Free Energy          : 1.140 (kcal/mol)
(4) Unbound System's Energy        : -0.262 (kcal/mol)
ENERGY FROM SEARCH: -5.805
FINAL ENERGY: 
Estimated Free Energy of Binding   : -4.493 (kcal/mol) [=(1)+(2)+(3)-(4)]
(1) Final Intermolecular Energy    : -5.512 (kcal/mol)
    Ligand - Receptor              : -5.512 (kcal/mol)
    Ligand - Flex side chains      : 0.000 (kcal/mol)
(2) Final Total Internal Energy    : -0.294 (kcal/mol)
    Ligand                         : -0.294 (kcal/mol)
    Flex   - Receptor              : 0.000 (kcal/mol)
    Flex   - Flex side chains      : 0.000 (kcal/mol)
(3) Torsional Free Energy          : 1.051 (kcal/mol)
(4) Unbound System's Energy        : -0.262 (kcal/mol)

mode |   affinity | dist from best mode
     | (kcal/mol) | rmsd l.b.| rmsd u.b.
-----+------------+----------+----------
   1      -7.6750     0.0000     0.0000
   2      -6.3632     2.2209     2.5413
   3      -6.2885     2.9968     7.9716
   4      -5.8183     3.6951     7.8759
   5      -5.2230     4.3043     8.1405
   6      -4.8733     5.4564     8.1778
   7      -4.4926     6.2460     8.8473
